
===========================================================================
report_checks -path_delay max (Setup)
============================================================================
======================= nom_tt_025C_1v80 Corner ===================================

Startpoint: b_i (input port clocked by __VIRTUAL_CLK__)
Endpoint: sum_o (output port clocked by __VIRTUAL_CLK__)
Path Group: __VIRTUAL_CLK__
Path Type: max

Fanout         Cap        Slew       Delay        Time   Description
---------------------------------------------------------------------------------------------
                      0.000000    0.000000    0.000000   clock __VIRTUAL_CLK__ (rise edge)
                                  0.000000    0.000000   clock network delay (ideal)
                                  2.000000    2.000000 v input external delay
     1    0.002903    0.008869    0.004588    2.004588 v b_i (in)
                                                         b_i (net)
                      0.008869    0.000000    2.004588 v input2/A (sky130_fd_sc_hd__buf_1)
     2    0.007328    0.051205    0.093547    2.098135 v input2/X (sky130_fd_sc_hd__buf_1)
                                                         net2 (net)
                      0.051205    0.000022    2.098157 v _6_/A (sky130_fd_sc_hd__xnor2_1)
     2    0.007596    0.215805    0.219403    2.317560 ^ _6_/Y (sky130_fd_sc_hd__xnor2_1)
                                                         _2_ (net)
                      0.215805    0.000010    2.317570 ^ _7_/B (sky130_fd_sc_hd__xnor2_1)
     1    0.007553    0.207421    0.180877    2.498447 ^ _7_/Y (sky130_fd_sc_hd__xnor2_1)
                                                         net5 (net)
                      0.207421    0.000142    2.498589 ^ output5/A (sky130_fd_sc_hd__buf_2)
     1    0.034109    0.169856    0.249468    2.748057 ^ output5/X (sky130_fd_sc_hd__buf_2)
                                                         sum_o (net)
                      0.169856    0.000109    2.748166 ^ sum_o (out)
                                              2.748166   data arrival time

                      0.000000   10.000000   10.000000   clock __VIRTUAL_CLK__ (rise edge)
                                  0.000000   10.000000   clock network delay (ideal)
                                 -0.250000    9.750000   clock uncertainty
                                  0.000000    9.750000   clock reconvergence pessimism
                                 -2.000000    7.750000   output external delay
                                              7.750000   data required time
---------------------------------------------------------------------------------------------
                                              7.750000   data required time
                                             -2.748166   data arrival time
---------------------------------------------------------------------------------------------
                                              5.001834   slack (MET)


Startpoint: b_i (input port clocked by __VIRTUAL_CLK__)
Endpoint: cout_o (output port clocked by __VIRTUAL_CLK__)
Path Group: __VIRTUAL_CLK__
Path Type: max

Fanout         Cap        Slew       Delay        Time   Description
---------------------------------------------------------------------------------------------
                      0.000000    0.000000    0.000000   clock __VIRTUAL_CLK__ (rise edge)
                                  0.000000    0.000000   clock network delay (ideal)
                                  2.000000    2.000000 v input external delay
     1    0.002903    0.008869    0.004588    2.004588 v b_i (in)
                                                         b_i (net)
                      0.008869    0.000000    2.004588 v input2/A (sky130_fd_sc_hd__buf_1)
     2    0.007328    0.051205    0.093547    2.098135 v input2/X (sky130_fd_sc_hd__buf_1)
                                                         net2 (net)
                      0.051205    0.000022    2.098157 v _6_/A (sky130_fd_sc_hd__xnor2_1)
     2    0.007596    0.215805    0.219403    2.317560 ^ _6_/Y (sky130_fd_sc_hd__xnor2_1)
                                                         _2_ (net)
                      0.215805    0.000003    2.317563 ^ _3_/A2 (sky130_fd_sc_hd__o21ai_1)
     1    0.001934    0.046381    0.075925    2.393489 v _3_/Y (sky130_fd_sc_hd__o21ai_1)
                                                         net4 (net)
                      0.046381    0.000003    2.393492 v output4/A (sky130_fd_sc_hd__buf_2)
     1    0.034296    0.089349    0.181123    2.574614 v output4/X (sky130_fd_sc_hd__buf_2)
                                                         cout_o (net)
                      0.089349    0.000191    2.574805 v cout_o (out)
                                              2.574805   data arrival time

                      0.000000   10.000000   10.000000   clock __VIRTUAL_CLK__ (rise edge)
                                  0.000000   10.000000   clock network delay (ideal)
                                 -0.250000    9.750000   clock uncertainty
                                  0.000000    9.750000   clock reconvergence pessimism
                                 -2.000000    7.750000   output external delay
                                              7.750000   data required time
---------------------------------------------------------------------------------------------
                                              7.750000   data required time
                                             -2.574805   data arrival time
---------------------------------------------------------------------------------------------
                                              5.175195   slack (MET)



