
===========================================================================
 report_power
============================================================================
======================= nom_tt_025C_1v80 Corner ===================================

Group                    Internal    Switching      Leakage        Total
                            Power        Power        Power        Power (Watts)
------------------------------------------------------------------------
Sequential           0.000000e+00 0.000000e+00 0.000000e+00 0.000000e+00   0.0%
Combinational        1.750629e-06 3.870116e-06 2.356221e-11 5.620768e-06 100.0%
Clock                0.000000e+00 0.000000e+00 1.814421e-10 1.814421e-10   0.0%
Macro                0.000000e+00 0.000000e+00 0.000000e+00 0.000000e+00   0.0%
Pad                  0.000000e+00 0.000000e+00 0.000000e+00 0.000000e+00   0.0%
------------------------------------------------------------------------
Total                1.750629e-06 3.870116e-06 2.050042e-10 5.620950e-06 100.0%
                            31.1%        68.9%         0.0%
Writing metric power__internal__total: 1.7506292806501733e-6
Writing metric power__switching__total: 3.87011550628813e-6
Writing metric power__leakage__total: 2.0500424968705744e-10
Writing metric power__total: 5.6209496506198775e-6

