                                                                       Cells by Function                                                                        
┏━━━━━━━━━━━━━━━━━━━━━━━━━━━━━━━━━━━━━━━━━━━━━━━━━━━━━━━━━━━━━━━━━━━━━━━━━━━━━━━━━━━━━━━━━━━━━━━━━━━━━━━━━━━━━━━━━━━━━━━━━━━━━━━━┳━━━━━━━━━━━━━━━━━━━━━━━━━━━━━┓
┃ Cell Function                                                                                                                  ┃ Count                       ┃
┡━━━━━━━━━━━━━━━━━━━━━━━━━━━━━━━━━━━━━━━━━━━━━━━━━━━━━━━━━━━━━━━━━━━━━━━━━━━━━━━━━━━━━━━━━━━━━━━━━━━━━━━━━━━━━━━━━━━━━━━━━━━━━━━━╇━━━━━━━━━━━━━━━━━━━━━━━━━━━━━┩
│ sky130_ef_sc_hd__decap                                                                                                         │ 372                         │
│ sky130_fd_sc_hd__buf                                                                                                           │ 5                           │
│ sky130_fd_sc_hd__decap                                                                                                         │ 149                         │
│ sky130_fd_sc_hd__fill                                                                                                          │ 111                         │
│ sky130_fd_sc_hd__inv                                                                                                           │ 1                           │
│ sky130_fd_sc_hd__nand2                                                                                                         │ 1                           │
│ sky130_fd_sc_hd__o21ai                                                                                                         │ 1                           │
│ sky130_fd_sc_hd__tapvpwrvgnd                                                                                                   │ 90                          │
│ sky130_fd_sc_hd__xnor2                                                                                                         │ 2                           │
└────────────────────────────────────────────────────────────────────────────────────────────────────────────────────────────────┴─────────────────────────────┘
