
===========================================================================
report_checks -path_delay min (Hold)
============================================================================
======================= min_ff_n40C_1v95 Corner ===================================

Startpoint: b_i (input port clocked by __VIRTUAL_CLK__)
Endpoint: cout_o (output port clocked by __VIRTUAL_CLK__)
Path Group: __VIRTUAL_CLK__
Path Type: min

Fanout         Cap        Slew       Delay        Time   Description
---------------------------------------------------------------------------------------------
                      0.000000    0.000000    0.000000   clock __VIRTUAL_CLK__ (rise edge)
                                  0.000000    0.000000   clock network delay (ideal)
                                  2.000000    2.000000 v input external delay
     1    0.002950    0.004948    0.002396    2.002396 v b_i (in)
                                                         b_i (net)
                      0.004948    0.000000    2.002396 v input2/A (sky130_fd_sc_hd__buf_1)
     2    0.007808    0.036223    0.062690    2.065086 v input2/X (sky130_fd_sc_hd__buf_1)
                                                         net2 (net)
                      0.036223    0.000063    2.065149 v _5_/A (sky130_fd_sc_hd__nand2_1)
     1    0.002288    0.025794    0.036672    2.101821 ^ _5_/Y (sky130_fd_sc_hd__nand2_1)
                                                         _1_ (net)
                      0.025794    0.000009    2.101830 ^ _3_/B1 (sky130_fd_sc_hd__o21ai_1)
     1    0.002127    0.015266    0.020095    2.121926 v _3_/Y (sky130_fd_sc_hd__o21ai_1)
                                                         net4 (net)
                      0.015266    0.000019    2.121945 v output4/A (sky130_fd_sc_hd__buf_2)
     1    0.034253    0.062579    0.111892    2.233836 v output4/X (sky130_fd_sc_hd__buf_2)
                                                         cout_o (net)
                      0.062580    0.000345    2.234181 v cout_o (out)
                                              2.234181   data arrival time

                      0.000000    0.000000    0.000000   clock __VIRTUAL_CLK__ (rise edge)
                                  0.000000    0.000000   clock network delay (ideal)
                                  0.250000    0.250000   clock uncertainty
                                  0.000000    0.250000   clock reconvergence pessimism
                                 -2.000000   -1.750000   output external delay
                                             -1.750000   data required time
---------------------------------------------------------------------------------------------
                                             -1.750000   data required time
                                             -2.234181   data arrival time
---------------------------------------------------------------------------------------------
                                              3.984181   slack (MET)


Startpoint: cin_i (input port clocked by __VIRTUAL_CLK__)
Endpoint: sum_o (output port clocked by __VIRTUAL_CLK__)
Path Group: __VIRTUAL_CLK__
Path Type: min

Fanout         Cap        Slew       Delay        Time   Description
---------------------------------------------------------------------------------------------
                      0.000000    0.000000    0.000000   clock __VIRTUAL_CLK__ (rise edge)
                                  0.000000    0.000000   clock network delay (ideal)
                                  2.000000    2.000000 ^ input external delay
     1    0.003044    0.014788    0.007865    2.007865 ^ cin_i (in)
                                                         cin_i (net)
                      0.014788    0.000000    2.007865 ^ input3/A (sky130_fd_sc_hd__buf_1)
     2    0.010661    0.098143    0.094067    2.101932 ^ input3/X (sky130_fd_sc_hd__buf_1)
                                                         net3 (net)
                      0.098143    0.000109    2.102041 ^ _7_/A (sky130_fd_sc_hd__xnor2_1)
     1    0.008396    0.045483    0.070629    2.172670 v _7_/Y (sky130_fd_sc_hd__xnor2_1)
                                                         net5 (net)
                      0.045484    0.000315    2.172985 v output5/A (sky130_fd_sc_hd__buf_2)
     1    0.034060    0.062286    0.123500    2.296485 v output5/X (sky130_fd_sc_hd__buf_2)
                                                         sum_o (net)
                      0.062287    0.000202    2.296687 v sum_o (out)
                                              2.296687   data arrival time

                      0.000000    0.000000    0.000000   clock __VIRTUAL_CLK__ (rise edge)
                                  0.000000    0.000000   clock network delay (ideal)
                                  0.250000    0.250000   clock uncertainty
                                  0.000000    0.250000   clock reconvergence pessimism
                                 -2.000000   -1.750000   output external delay
                                             -1.750000   data required time
---------------------------------------------------------------------------------------------
                                             -1.750000   data required time
                                             -2.296687   data arrival time
---------------------------------------------------------------------------------------------
                                              4.046687   slack (MET)



