
===========================================================================
 report_power
============================================================================
======================= min_ff_n40C_1v95 Corner ===================================

Group                    Internal    Switching      Leakage        Total
                            Power        Power        Power        Power (Watts)
------------------------------------------------------------------------
Sequential           0.000000e+00 0.000000e+00 0.000000e+00 0.000000e+00   0.0%
Combinational        1.946343e-06 4.636426e-06 4.908153e-11 6.582818e-06 100.0%
Clock                0.000000e+00 0.000000e+00 5.665737e-10 5.665737e-10   0.0%
Macro                0.000000e+00 0.000000e+00 0.000000e+00 0.000000e+00   0.0%
Pad                  0.000000e+00 0.000000e+00 0.000000e+00 0.000000e+00   0.0%
------------------------------------------------------------------------
Total                1.946343e-06 4.636426e-06 6.156551e-10 6.583385e-06 100.0%
                            29.6%        70.4%         0.0%

