
===========================================================================
report_checks -unconstrained
===========================================================================
======================= nom_ff_n40C_1v95 Corner ===================================

Startpoint: b_i (input port clocked by __VIRTUAL_CLK__)
Endpoint: sum_o (output port clocked by __VIRTUAL_CLK__)
Path Group: __VIRTUAL_CLK__
Path Type: max

Fanout         Cap        Slew       Delay        Time   Description
---------------------------------------------------------------------------------------------
                      0.000000    0.000000    0.000000   clock __VIRTUAL_CLK__ (rise edge)
                                  0.000000    0.000000   clock network delay (ideal)
                                  2.000000    2.000000 v input external delay
     2    0.012591    0.020677    0.012748    2.012748 v b_i (in)
                                                         b_i (net)
                      0.020677    0.000000    2.012748 v _6_/A (sky130_fd_sc_hd__xnor2_2)
     2    0.012130    0.053879    0.100514    2.113262 v _6_/Y (sky130_fd_sc_hd__xnor2_2)
                                                         _2_ (net)
                      0.053879    0.000000    2.113262 v _7_/B (sky130_fd_sc_hd__xnor2_2)
     1    0.033442    0.339117    0.269933    2.383195 ^ _7_/Y (sky130_fd_sc_hd__xnor2_2)
                                                         sum_o (net)
                      0.339117    0.000000    2.383195 ^ sum_o (out)
                                              2.383195   data arrival time

                      0.000000   10.000000   10.000000   clock __VIRTUAL_CLK__ (rise edge)
                                  0.000000   10.000000   clock network delay (ideal)
                                 -0.250000    9.750000   clock uncertainty
                                  0.000000    9.750000   clock reconvergence pessimism
                                 -2.000000    7.750000   output external delay
                                              7.750000   data required time
---------------------------------------------------------------------------------------------
                                              7.750000   data required time
                                             -2.383195   data arrival time
---------------------------------------------------------------------------------------------
                                              5.366805   slack (MET)




===========================================================================
report_checks --slack_max -0.01
============================================================================
======================= nom_ff_n40C_1v95 Corner ===================================

No paths found.


===========================================================================
 report_check_types -max_slew -max_cap -max_fanout -violators
============================================================================
======================= nom_ff_n40C_1v95 Corner ===================================



===========================================================================
report_parasitic_annotation -report_unannotated
============================================================================
Found 8 unannotated drivers.
 a_i
 b_i
 cin_i
 _3_/Y
 _4_/Y
 _5_/Y
 _6_/Y
 _7_/Y
Found 0 partially unannotated drivers.

===========================================================================
max slew violation count 0
max fanout violation count 0
max cap violation count 0
============================================================================

===========================================================================
check_setup -verbose -unconstrained_endpoints -multiple_clock -no_clock -no_input_delay -loops -generated_clocks
===========================================================================
