
===========================================================================
 report_power
============================================================================
======================= max_tt_025C_1v80 Corner ===================================

Group                    Internal    Switching      Leakage        Total
                            Power        Power        Power        Power (Watts)
------------------------------------------------------------------------
Sequential           0.000000e+00 0.000000e+00 0.000000e+00 0.000000e+00   0.0%
Combinational        1.747775e-06 4.020551e-06 2.356221e-11 5.768350e-06 100.0%
Clock                0.000000e+00 0.000000e+00 4.827675e-10 4.827675e-10   0.0%
Macro                0.000000e+00 0.000000e+00 0.000000e+00 0.000000e+00   0.0%
Pad                  0.000000e+00 0.000000e+00 0.000000e+00 0.000000e+00   0.0%
------------------------------------------------------------------------
Total                1.747775e-06 4.020551e-06 5.063296e-10 5.768832e-06 100.0%
                            30.3%        69.7%         0.0%

