
===========================================================================
report_checks -path_delay max (Setup)
============================================================================
======================= max_ss_100C_1v60 Corner ===================================

Startpoint: b_i (input port clocked by __VIRTUAL_CLK__)
Endpoint: sum_o (output port clocked by __VIRTUAL_CLK__)
Path Group: __VIRTUAL_CLK__
Path Type: max

Fanout         Cap        Slew       Delay        Time   Description
---------------------------------------------------------------------------------------------
                      0.000000    0.000000    0.000000   clock __VIRTUAL_CLK__ (rise edge)
                                  0.000000    0.000000   clock network delay (ideal)
                                  2.000000    2.000000 v input external delay
     1    0.003004    0.019237    0.009920    2.009920 v b_i (in)
                                                         b_i (net)
                      0.019238    0.000000    2.009920 v input2/A (sky130_fd_sc_hd__buf_1)
     2    0.008031    0.104185    0.182224    2.192143 v input2/X (sky130_fd_sc_hd__buf_1)
                                                         net2 (net)
                      0.104187    0.000587    2.192730 v _6_/A (sky130_fd_sc_hd__xnor2_1)
     2    0.007662    0.342689    0.377149    2.569880 ^ _6_/Y (sky130_fd_sc_hd__xnor2_1)
                                                         _2_ (net)
                      0.342690    0.000431    2.570310 ^ _7_/B (sky130_fd_sc_hd__xnor2_1)
     1    0.009426    0.400125    0.366095    2.936405 ^ _7_/Y (sky130_fd_sc_hd__xnor2_1)
                                                         net5 (net)
                      0.400128    0.000925    2.937330 ^ output5/A (sky130_fd_sc_hd__buf_2)
     1    0.034156    0.272624    0.482695    3.420025 ^ output5/X (sky130_fd_sc_hd__buf_2)
                                                         sum_o (net)
                      0.272630    0.001644    3.421669 ^ sum_o (out)
                                              3.421669   data arrival time

                      0.000000   10.000000   10.000000   clock __VIRTUAL_CLK__ (rise edge)
                                  0.000000   10.000000   clock network delay (ideal)
                                 -0.250000    9.750000   clock uncertainty
                                  0.000000    9.750000   clock reconvergence pessimism
                                 -2.000000    7.750000   output external delay
                                              7.750000   data required time
---------------------------------------------------------------------------------------------
                                              7.750000   data required time
                                             -3.421669   data arrival time
---------------------------------------------------------------------------------------------
                                              4.328331   slack (MET)


Startpoint: b_i (input port clocked by __VIRTUAL_CLK__)
Endpoint: cout_o (output port clocked by __VIRTUAL_CLK__)
Path Group: __VIRTUAL_CLK__
Path Type: max

Fanout         Cap        Slew       Delay        Time   Description
---------------------------------------------------------------------------------------------
                      0.000000    0.000000    0.000000   clock __VIRTUAL_CLK__ (rise edge)
                                  0.000000    0.000000   clock network delay (ideal)
                                  2.000000    2.000000 v input external delay
     1    0.003004    0.019237    0.009920    2.009920 v b_i (in)
                                                         b_i (net)
                      0.019238    0.000000    2.009920 v input2/A (sky130_fd_sc_hd__buf_1)
     2    0.008031    0.104185    0.182224    2.192143 v input2/X (sky130_fd_sc_hd__buf_1)
                                                         net2 (net)
                      0.104187    0.000587    2.192730 v _6_/A (sky130_fd_sc_hd__xnor2_1)
     2    0.007662    0.342689    0.377149    2.569880 ^ _6_/Y (sky130_fd_sc_hd__xnor2_1)
                                                         _2_ (net)
                      0.342689    0.000245    2.570125 ^ _3_/A2 (sky130_fd_sc_hd__o21ai_1)
     1    0.002118    0.078532    0.189055    2.759179 v _3_/Y (sky130_fd_sc_hd__o21ai_1)
                                                         net4 (net)
                      0.078532    0.000141    2.759321 v output4/A (sky130_fd_sc_hd__buf_2)
     1    0.034370    0.166535    0.348169    3.107489 v output4/X (sky130_fd_sc_hd__buf_2)
                                                         cout_o (net)
                      0.166548    0.001595    3.109085 v cout_o (out)
                                              3.109085   data arrival time

                      0.000000   10.000000   10.000000   clock __VIRTUAL_CLK__ (rise edge)
                                  0.000000   10.000000   clock network delay (ideal)
                                 -0.250000    9.750000   clock uncertainty
                                  0.000000    9.750000   clock reconvergence pessimism
                                 -2.000000    7.750000   output external delay
                                              7.750000   data required time
---------------------------------------------------------------------------------------------
                                              7.750000   data required time
                                             -3.109085   data arrival time
---------------------------------------------------------------------------------------------
                                              4.640915   slack (MET)



