
===========================================================================
 report_power
============================================================================
======================= max_ss_100C_1v60 Corner ===================================

Group                    Internal    Switching      Leakage        Total
                            Power        Power        Power        Power (Watts)
------------------------------------------------------------------------
Sequential           0.000000e+00 0.000000e+00 0.000000e+00 0.000000e+00   0.0%
Combinational        1.428184e-06 3.163161e-06 4.073952e-08 4.632084e-06 100.0%
Clock                0.000000e+00 0.000000e+00 4.719782e-10 4.719782e-10   0.0%
Macro                0.000000e+00 0.000000e+00 0.000000e+00 0.000000e+00   0.0%
Pad                  0.000000e+00 0.000000e+00 0.000000e+00 0.000000e+00   0.0%
------------------------------------------------------------------------
Total                1.428184e-06 3.163161e-06 4.121150e-08 4.632556e-06 100.0%
                            30.8%        68.3%         0.9%

